2026-04-13 22:04:33.040 [main] WARN  o.s.c.a.AnnotationConfigApplicationContext - Exception encountered during context initialization - cancelling refresh attempt: org.springframework.beans.factory.BeanDefinitionStoreException: Failed to process import candidates for configuration class [config.WebConfig]: Failed to introspect Class [org.springframework.web.servlet.config.annotation.WebMvcConfigurationSupport] from ClassLoader [jdk.internal.loader.ClassLoaders$AppClassLoader@341d43cd]
2026-04-13 22:06:35.545 [main] WARN  o.s.c.a.AnnotationConfigApplicationContext - Exception encountered during context initialization - cancelling refresh attempt: org.springframework.beans.factory.UnsatisfiedDependencyException: Error creating bean with name 'beverageController' defined in file [/home/vargo/IdeaProjects/JavaLabWorks/lab4/build/classes/java/main/controller/BeverageController.class]: Unsatisfied dependency expressed through constructor parameter 0: Error creating bean with name 'beverageSelector' defined in file [/home/vargo/IdeaProjects/JavaLabWorks/lab4/build/classes/java/main/service/BeverageSelector.class]: Unsatisfied dependency expressed through constructor parameter 0: Error creating bean with name 'coffeeService' defined in file [/home/vargo/IdeaProjects/JavaLabWorks/lab4/build/classes/java/main/service/CoffeeService.class]: Unsatisfied dependency expressed through constructor parameter 0: No qualifying bean of type 'repository.BeverageRepository' available: expected at least 1 bean which qualifies as autowire candidate. Dependency annotations: {}
2026-04-13 22:09:51.549 [main] INFO  r.impl.JSONBeverageRepository - Successfully loaded 4 beverages from JSON file
2026-04-13 22:09:51.654 [main] WARN  o.s.c.a.AnnotationConfigApplicationContext - Exception encountered during context initialization - cancelling refresh attempt: org.springframework.beans.factory.BeanCreationException: Error creating bean with name 'resourceHandlerMapping' defined in org.springframework.web.servlet.config.annotation.DelegatingWebMvcConfiguration: Failed to instantiate [org.springframework.web.servlet.HandlerMapping]: Factory method 'resourceHandlerMapping' threw exception with message: No ServletContext set
2026-04-13 22:27:39.630 [main] INFO  r.impl.JSONBeverageRepository - Successfully loaded 4 beverages from JSON file
2026-04-13 22:27:39.747 [main] WARN  o.s.c.a.AnnotationConfigApplicationContext - Exception encountered during context initialization - cancelling refresh attempt: org.springframework.beans.factory.BeanCreationException: Error creating bean with name 'resourceHandlerMapping' defined in org.springframework.web.servlet.config.annotation.DelegatingWebMvcConfiguration: Failed to instantiate [org.springframework.web.servlet.HandlerMapping]: Factory method 'resourceHandlerMapping' threw exception with message: No ServletContext set
2026-04-13 22:32:06.641 [main] INFO  r.impl.JSONBeverageRepository - Successfully loaded 4 beverages from JSON file
2026-04-13 22:32:57.249 [main] INFO  r.impl.JSONBeverageRepository - Successfully loaded 4 beverages from JSON file
2026-04-13 22:35:50.033 [main] INFO  r.impl.JSONBeverageRepository - Successfully loaded 4 beverages from JSON file
2026-04-13 22:37:12.818 [main] INFO  r.impl.JSONBeverageRepository - Successfully loaded 4 beverages from JSON file
2026-04-13 22:41:16.477 [main] INFO  r.impl.JSONBeverageRepository - Successfully loaded 4 beverages from JSON file
2026-04-13 22:41:25.695 [http-nio-8080-exec-1] INFO  o.s.web.servlet.DispatcherServlet - Initializing Servlet 'dispatcher'
2026-04-13 22:41:25.697 [http-nio-8080-exec-1] INFO  o.s.web.servlet.DispatcherServlet - Completed initialization in 0 ms
2026-04-13 22:41:25.720 [http-nio-8080-exec-1] INFO  service.CoffeeService - Service: Fetching beverage by ID: 1
2026-04-13 22:41:25.721 [http-nio-8080-exec-1] INFO  service.CoffeeService - Service: Fetching all beverages
2026-04-13 22:41:25.721 [http-nio-8080-exec-1] INFO  r.impl.JSONBeverageRepository - Fetching all beverages from JSON repository
2026-04-13 22:41:25.722 [http-nio-8080-exec-1] INFO  service.CoffeeService - Service: Fetching beverage by ID: 2
2026-04-13 22:41:25.722 [http-nio-8080-exec-1] INFO  service.CoffeeService - Service: Fetching all beverages
2026-04-13 22:41:25.722 [http-nio-8080-exec-1] INFO  r.impl.JSONBeverageRepository - Fetching all beverages from JSON repository
2026-04-13 22:41:25.722 [http-nio-8080-exec-1] INFO  service.CoffeeService - Service: Fetching beverage by ID: 4
2026-04-13 22:41:25.722 [http-nio-8080-exec-1] INFO  service.CoffeeService - Service: Fetching all beverages
2026-04-13 22:41:25.722 [http-nio-8080-exec-1] INFO  r.impl.JSONBeverageRepository - Fetching all beverages from JSON repository
2026-04-13 22:41:25.773 [http-nio-8080-exec-2] INFO  service.CoffeeService - Service: Fetching beverage by ID: 1
2026-04-13 22:41:25.773 [http-nio-8080-exec-2] INFO  service.CoffeeService - Service: Fetching all beverages
2026-04-13 22:41:25.773 [http-nio-8080-exec-2] INFO  r.impl.JSONBeverageRepository - Fetching all beverages from JSON repository
2026-04-13 22:41:25.773 [http-nio-8080-exec-2] INFO  service.CoffeeService - Service: Fetching beverage by ID: 4
2026-04-13 22:41:25.773 [http-nio-8080-exec-2] INFO  service.CoffeeService - Service: Fetching all beverages
2026-04-13 22:41:25.773 [http-nio-8080-exec-2] INFO  r.impl.JSONBeverageRepository - Fetching all beverages from JSON repository
2026-04-13 22:41:25.773 [http-nio-8080-exec-2] INFO  service.CoffeeService - Service: Fetching beverage by ID: 1
2026-04-13 22:41:25.773 [http-nio-8080-exec-2] INFO  service.CoffeeService - Service: Fetching all beverages
2026-04-13 22:41:25.773 [http-nio-8080-exec-2] INFO  r.impl.JSONBeverageRepository - Fetching all beverages from JSON repository
2026-04-13 22:41:25.803 [http-nio-8080-exec-4] WARN  o.s.web.servlet.PageNotFound - No mapping for GET /favicon.ico
2026-04-13 22:41:25.807 [http-nio-8080-exec-4] WARN  o.s.web.servlet.PageNotFound - No endpoint GET /favicon.ico.
2026-04-13 22:41:25.818 [http-nio-8080-exec-3] WARN  o.s.web.servlet.PageNotFound - No mapping for GET /favicon.ico
2026-04-13 22:41:25.819 [http-nio-8080-exec-3] WARN  o.s.web.servlet.PageNotFound - No endpoint GET /favicon.ico.
2026-04-13 22:41:34.012 [http-nio-8080-exec-9] WARN  o.s.web.servlet.PageNotFound - No mapping for GET /
2026-04-13 22:41:34.014 [http-nio-8080-exec-9] WARN  o.s.web.servlet.PageNotFound - No endpoint GET /.
2026-04-13 22:41:34.064 [http-nio-8080-exec-5] WARN  o.s.web.servlet.PageNotFound - No mapping for GET /favicon.ico
2026-04-13 22:41:34.075 [http-nio-8080-exec-5] WARN  o.s.web.servlet.PageNotFound - No endpoint GET /favicon.ico.
2026-04-13 22:44:00.896 [main] INFO  r.impl.JSONBeverageRepository - Successfully loaded 4 beverages from JSON file
2026-04-13 22:44:04.566 [http-nio-8080-exec-1] INFO  o.s.web.servlet.DispatcherServlet - Initializing Servlet 'dispatcher'
2026-04-13 22:44:04.568 [http-nio-8080-exec-1] INFO  o.s.web.servlet.DispatcherServlet - Completed initialization in 1 ms
2026-04-13 22:44:04.588 [http-nio-8080-exec-1] INFO  service.CoffeeService - Service: Fetching beverage by ID: 4
2026-04-13 22:44:04.589 [http-nio-8080-exec-1] INFO  service.CoffeeService - Service: Fetching all beverages
2026-04-13 22:44:04.589 [http-nio-8080-exec-1] INFO  r.impl.JSONBeverageRepository - Fetching all beverages from JSON repository
2026-04-13 22:44:04.590 [http-nio-8080-exec-1] INFO  service.CoffeeService - Service: Fetching beverage by ID: 1
2026-04-13 22:44:04.590 [http-nio-8080-exec-1] INFO  service.CoffeeService - Service: Fetching all beverages
2026-04-13 22:44:04.590 [http-nio-8080-exec-1] INFO  r.impl.JSONBeverageRepository - Fetching all beverages from JSON repository
2026-04-13 22:44:04.636 [http-nio-8080-exec-2] INFO  service.CoffeeService - Service: Fetching beverage by ID: 2
2026-04-13 22:44:04.640 [http-nio-8080-exec-2] INFO  service.CoffeeService - Service: Fetching all beverages
2026-04-13 22:44:04.640 [http-nio-8080-exec-2] INFO  r.impl.JSONBeverageRepository - Fetching all beverages from JSON repository
2026-04-13 22:44:04.640 [http-nio-8080-exec-2] INFO  service.CoffeeService - Service: Fetching beverage by ID: 2
2026-04-13 22:44:04.640 [http-nio-8080-exec-2] INFO  service.CoffeeService - Service: Fetching all beverages
2026-04-13 22:44:04.640 [http-nio-8080-exec-2] INFO  r.impl.JSONBeverageRepository - Fetching all beverages from JSON repository
2026-04-13 22:44:04.668 [http-nio-8080-exec-3] WARN  o.s.web.servlet.PageNotFound - No mapping for GET /favicon.ico
2026-04-13 22:44:04.672 [http-nio-8080-exec-3] WARN  o.s.web.servlet.PageNotFound - No endpoint GET /favicon.ico.
2026-04-13 22:44:04.679 [http-nio-8080-exec-4] WARN  o.s.web.servlet.PageNotFound - No mapping for GET /favicon.ico
2026-04-13 22:44:04.680 [http-nio-8080-exec-4] WARN  o.s.web.servlet.PageNotFound - No endpoint GET /favicon.ico.
2026-04-13 22:48:08.732 [main] INFO  r.impl.JSONBeverageRepository - Successfully loaded 4 beverages from JSON file
2026-04-13 22:48:08.911 [main] WARN  o.s.w.c.s.AnnotationConfigWebApplicationContext - Exception encountered during context initialization - cancelling refresh attempt: org.springframework.beans.factory.UnsatisfiedDependencyException: Error creating bean with name 'urlHandlerMapping' defined in config.WebConfig: Unsatisfied dependency expressed through method 'urlHandlerMapping' parameter 0: No qualifying bean of type 'controller.WelcomeController' available: expected at least 1 bean which qualifies as autowire candidate. Dependency annotations: {}
2026-04-13 22:48:58.530 [main] INFO  r.impl.JSONBeverageRepository - Successfully loaded 4 beverages from JSON file
2026-04-13 22:49:03.337 [http-nio-8080-exec-1] INFO  o.s.web.servlet.DispatcherServlet - Initializing Servlet 'dispatcher'
2026-04-13 22:49:03.339 [http-nio-8080-exec-1] INFO  o.s.web.servlet.DispatcherServlet - Completed initialization in 2 ms
2026-04-13 22:49:03.367 [http-nio-8080-exec-1] INFO  service.CoffeeService - Service: Fetching beverage by ID: 1
2026-04-13 22:49:03.368 [http-nio-8080-exec-1] INFO  service.CoffeeService - Service: Fetching all beverages
2026-04-13 22:49:03.368 [http-nio-8080-exec-1] INFO  r.impl.JSONBeverageRepository - Fetching all beverages from JSON repository
2026-04-13 22:49:03.369 [http-nio-8080-exec-1] INFO  service.CoffeeService - Service: Fetching beverage by ID: 1
2026-04-13 22:49:03.370 [http-nio-8080-exec-1] INFO  service.CoffeeService - Service: Fetching all beverages
2026-04-13 22:49:03.370 [http-nio-8080-exec-1] INFO  r.impl.JSONBeverageRepository - Fetching all beverages from JSON repository
2026-04-13 22:49:03.370 [http-nio-8080-exec-1] INFO  service.CoffeeService - Service: Fetching beverage by ID: 2
2026-04-13 22:49:03.371 [http-nio-8080-exec-1] INFO  service.CoffeeService - Service: Fetching all beverages
2026-04-13 22:49:03.371 [http-nio-8080-exec-1] INFO  r.impl.JSONBeverageRepository - Fetching all beverages from JSON repository
2026-04-13 22:49:03.448 [http-nio-8080-exec-2] WARN  o.s.web.servlet.PageNotFound - No mapping for GET /favicon.ico
2026-04-13 22:49:03.452 [http-nio-8080-exec-2] WARN  o.s.web.servlet.PageNotFound - No endpoint GET /favicon.ico.
2026-04-13 22:49:07.622 [http-nio-8080-exec-3] WARN  o.s.web.servlet.PageNotFound - No mapping for GET /
2026-04-13 22:49:07.624 [http-nio-8080-exec-3] WARN  o.s.web.servlet.PageNotFound - No endpoint GET /.
2026-04-13 22:51:29.233 [main] INFO  r.impl.JSONBeverageRepository - Successfully loaded 4 beverages from JSON file
2026-04-13 22:51:33.853 [http-nio-8080-exec-1] INFO  o.s.web.servlet.DispatcherServlet - Initializing Servlet 'dispatcher'
2026-04-13 22:51:33.855 [http-nio-8080-exec-1] INFO  o.s.web.servlet.DispatcherServlet - Completed initialization in 1 ms
2026-04-13 22:51:33.879 [http-nio-8080-exec-1] INFO  service.CoffeeService - Service: Fetching beverage by ID: 2
2026-04-13 22:51:33.879 [http-nio-8080-exec-1] INFO  service.CoffeeService - Service: Fetching all beverages
2026-04-13 22:51:33.879 [http-nio-8080-exec-1] INFO  r.impl.JSONBeverageRepository - Fetching all beverages from JSON repository
2026-04-13 22:51:33.880 [http-nio-8080-exec-1] INFO  service.CoffeeService - Service: Fetching beverage by ID: 1
2026-04-13 22:51:33.880 [http-nio-8080-exec-1] INFO  service.CoffeeService - Service: Fetching all beverages
2026-04-13 22:51:33.880 [http-nio-8080-exec-1] INFO  r.impl.JSONBeverageRepository - Fetching all beverages from JSON repository
2026-04-13 22:51:33.926 [http-nio-8080-exec-3] INFO  service.CoffeeService - Service: Fetching beverage by ID: 3
2026-04-13 22:51:33.926 [http-nio-8080-exec-3] INFO  service.CoffeeService - Service: Fetching all beverages
2026-04-13 22:51:33.926 [http-nio-8080-exec-3] INFO  r.impl.JSONBeverageRepository - Fetching all beverages from JSON repository
2026-04-13 22:51:33.927 [http-nio-8080-exec-3] INFO  service.CoffeeService - Service: Fetching beverage by ID: 3
2026-04-13 22:51:33.927 [http-nio-8080-exec-3] INFO  service.CoffeeService - Service: Fetching all beverages
2026-04-13 22:51:33.927 [http-nio-8080-exec-3] INFO  r.impl.JSONBeverageRepository - Fetching all beverages from JSON repository
2026-04-13 22:51:33.956 [http-nio-8080-exec-6] WARN  o.s.web.servlet.PageNotFound - No mapping for GET /favicon.ico
2026-04-13 22:51:33.970 [http-nio-8080-exec-6] WARN  o.s.web.servlet.PageNotFound - No endpoint GET /favicon.ico.
2026-04-13 22:51:33.978 [http-nio-8080-exec-2] WARN  o.s.web.servlet.PageNotFound - No mapping for GET /favicon.ico
2026-04-13 22:51:33.978 [http-nio-8080-exec-2] WARN  o.s.web.servlet.PageNotFound - No endpoint GET /favicon.ico.
2026-04-13 22:54:35.501 [main] INFO  r.impl.JSONBeverageRepository - Successfully loaded 4 beverages from JSON file
2026-04-13 22:54:45.969 [http-nio-8080-exec-2] INFO  o.s.web.servlet.DispatcherServlet - Initializing Servlet 'dispatcher'
2026-04-13 22:54:45.971 [http-nio-8080-exec-2] INFO  o.s.web.servlet.DispatcherServlet - Completed initialization in 1 ms
2026-04-13 22:54:45.997 [http-nio-8080-exec-2] INFO  service.CoffeeService - Service: Fetching beverage by ID: 4
2026-04-13 22:54:45.997 [http-nio-8080-exec-2] INFO  service.CoffeeService - Service: Fetching all beverages
2026-04-13 22:54:45.997 [http-nio-8080-exec-2] INFO  r.impl.JSONBeverageRepository - Fetching all beverages from JSON repository
2026-04-13 22:54:45.998 [http-nio-8080-exec-2] INFO  service.CoffeeService - Service: Fetching beverage by ID: 4
2026-04-13 22:54:45.998 [http-nio-8080-exec-2] INFO  service.CoffeeService - Service: Fetching all beverages
2026-04-13 22:54:45.998 [http-nio-8080-exec-2] INFO  r.impl.JSONBeverageRepository - Fetching all beverages from JSON repository
2026-04-13 22:54:46.089 [http-nio-8080-exec-3] WARN  o.s.web.servlet.PageNotFound - No mapping for GET /favicon.ico
2026-04-13 22:54:46.092 [http-nio-8080-exec-3] WARN  o.s.web.servlet.PageNotFound - No endpoint GET /favicon.ico.
2026-04-13 22:57:23.297 [main] INFO  r.impl.JSONBeverageRepository - Successfully loaded 4 beverages from JSON file
2026-04-13 22:57:28.421 [http-nio-8080-exec-1] INFO  o.s.web.servlet.DispatcherServlet - Initializing Servlet 'dispatcher'
2026-04-13 22:57:28.423 [http-nio-8080-exec-1] INFO  o.s.web.servlet.DispatcherServlet - Completed initialization in 2 ms
2026-04-13 22:57:28.445 [http-nio-8080-exec-1] INFO  service.CoffeeService - Service: Fetching beverage by ID: 1
2026-04-13 22:57:28.445 [http-nio-8080-exec-1] INFO  service.CoffeeService - Service: Fetching all beverages
2026-04-13 22:57:28.445 [http-nio-8080-exec-1] INFO  r.impl.JSONBeverageRepository - Fetching all beverages from JSON repository
2026-04-13 22:57:28.502 [http-nio-8080-exec-2] INFO  service.CoffeeService - Service: Fetching beverage by ID: 1
2026-04-13 22:57:28.503 [http-nio-8080-exec-2] INFO  service.CoffeeService - Service: Fetching all beverages
2026-04-13 22:57:28.503 [http-nio-8080-exec-2] INFO  r.impl.JSONBeverageRepository - Fetching all beverages from JSON repository
2026-04-13 22:57:28.536 [http-nio-8080-exec-3] WARN  o.s.web.servlet.PageNotFound - No mapping for GET /favicon.ico
2026-04-13 22:57:28.540 [http-nio-8080-exec-3] WARN  o.s.web.servlet.PageNotFound - No endpoint GET /favicon.ico.
2026-04-13 22:57:28.546 [http-nio-8080-exec-4] WARN  o.s.web.servlet.PageNotFound - No mapping for GET /favicon.ico
2026-04-13 22:57:28.547 [http-nio-8080-exec-4] WARN  o.s.web.servlet.PageNotFound - No endpoint GET /favicon.ico.
2026-04-13 22:57:32.905 [http-nio-8080-exec-5] INFO  service.CoffeeService - Service: Fetching beverage by ID: 3
2026-04-13 22:57:32.905 [http-nio-8080-exec-5] INFO  service.CoffeeService - Service: Fetching all beverages
2026-04-13 22:57:32.905 [http-nio-8080-exec-5] INFO  r.impl.JSONBeverageRepository - Fetching all beverages from JSON repository
2026-04-13 22:57:38.577 [http-nio-8080-exec-9] INFO  service.CoffeeService - Service: Fetching beverage by ID: 3
2026-04-13 22:57:38.578 [http-nio-8080-exec-9] INFO  service.CoffeeService - Service: Fetching all beverages
2026-04-13 22:57:38.578 [http-nio-8080-exec-9] INFO  r.impl.JSONBeverageRepository - Fetching all beverages from JSON repository
2026-04-13 22:57:38.611 [http-nio-8080-exec-6] WARN  o.s.web.servlet.PageNotFound - No mapping for GET /favicon.ico
2026-04-13 22:57:38.612 [http-nio-8080-exec-6] WARN  o.s.web.servlet.PageNotFound - No endpoint GET /favicon.ico.
2026-04-13 22:57:42.492 [http-nio-8080-exec-7] INFO  service.CoffeeService - Service: Fetching beverage by ID: 2
2026-04-13 22:57:42.492 [http-nio-8080-exec-7] INFO  service.CoffeeService - Service: Fetching all beverages
2026-04-13 22:57:42.492 [http-nio-8080-exec-7] INFO  r.impl.JSONBeverageRepository - Fetching all beverages from JSON repository
2026-04-13 22:57:42.519 [http-nio-8080-exec-10] WARN  o.s.web.servlet.PageNotFound - No mapping for GET /favicon.ico
2026-04-13 22:57:42.521 [http-nio-8080-exec-10] WARN  o.s.web.servlet.PageNotFound - No endpoint GET /favicon.ico.
2026-04-13 22:57:46.458 [http-nio-8080-exec-1] INFO  service.CoffeeService - Service: Fetching beverage by ID: 4
2026-04-13 22:57:46.458 [http-nio-8080-exec-1] INFO  service.CoffeeService - Service: Fetching all beverages
2026-04-13 22:57:46.458 [http-nio-8080-exec-1] INFO  r.impl.JSONBeverageRepository - Fetching all beverages from JSON repository
2026-04-13 22:57:46.484 [http-nio-8080-exec-2] WARN  o.s.web.servlet.PageNotFound - No mapping for GET /favicon.ico
2026-04-13 22:57:46.485 [http-nio-8080-exec-2] WARN  o.s.web.servlet.PageNotFound - No endpoint GET /favicon.ico.
2026-04-13 22:57:48.664 [http-nio-8080-exec-3] INFO  service.CoffeeService - Service: Fetching beverage by ID: 3
2026-04-13 22:57:48.665 [http-nio-8080-exec-3] INFO  service.CoffeeService - Service: Fetching all beverages
2026-04-13 22:57:48.665 [http-nio-8080-exec-3] INFO  r.impl.JSONBeverageRepository - Fetching all beverages from JSON repository
2026-04-13 22:57:48.685 [http-nio-8080-exec-4] WARN  o.s.web.servlet.PageNotFound - No mapping for GET /favicon.ico
2026-04-13 22:57:48.686 [http-nio-8080-exec-4] WARN  o.s.web.servlet.PageNotFound - No endpoint GET /favicon.ico.
2026-04-13 22:57:50.515 [http-nio-8080-exec-5] INFO  service.CoffeeService - Service: Fetching beverage by ID: 2
2026-04-13 22:57:50.516 [http-nio-8080-exec-5] INFO  service.CoffeeService - Service: Fetching all beverages
2026-04-13 22:57:50.516 [http-nio-8080-exec-5] INFO  r.impl.JSONBeverageRepository - Fetching all beverages from JSON repository
2026-04-13 22:57:50.545 [http-nio-8080-exec-8] WARN  o.s.web.servlet.PageNotFound - No mapping for GET /favicon.ico
2026-04-13 22:57:50.546 [http-nio-8080-exec-8] WARN  o.s.web.servlet.PageNotFound - No endpoint GET /favicon.ico.
2026-04-13 22:57:53.286 [http-nio-8080-exec-9] INFO  service.CoffeeService - Service: Fetching beverage by ID: 4
2026-04-13 22:57:53.286 [http-nio-8080-exec-9] INFO  service.CoffeeService - Service: Fetching all beverages
2026-04-13 22:57:53.286 [http-nio-8080-exec-9] INFO  r.impl.JSONBeverageRepository - Fetching all beverages from JSON repository
2026-04-13 22:57:53.312 [http-nio-8080-exec-6] WARN  o.s.web.servlet.PageNotFound - No mapping for GET /favicon.ico
2026-04-13 22:57:53.313 [http-nio-8080-exec-6] WARN  o.s.web.servlet.PageNotFound - No endpoint GET /favicon.ico.
2026-04-13 22:57:55.634 [http-nio-8080-exec-7] INFO  service.CoffeeService - Service: Fetching beverage by ID: 1
2026-04-13 22:57:55.634 [http-nio-8080-exec-7] INFO  service.CoffeeService - Service: Fetching all beverages
2026-04-13 22:57:55.634 [http-nio-8080-exec-7] INFO  r.impl.JSONBeverageRepository - Fetching all beverages from JSON repository
2026-04-13 22:57:55.663 [http-nio-8080-exec-10] WARN  o.s.web.servlet.PageNotFound - No mapping for GET /favicon.ico
2026-04-13 22:57:55.663 [http-nio-8080-exec-10] WARN  o.s.web.servlet.PageNotFound - No endpoint GET /favicon.ico.
2026-04-13 23:08:34.581 [main] WARN  o.s.w.c.s.AnnotationConfigWebApplicationContext - Exception encountered during context initialization - cancelling refresh attempt: org.springframework.beans.factory.UnsatisfiedDependencyException: Error creating bean with name 'beverageController' defined in file [/home/vargo/IdeaProjects/JavaLabWorks/lab4/build/classes/java/main/controller/BeverageController.class]: Unsatisfied dependency expressed through constructor parameter 0: Error creating bean with name 'beverageSelector' defined in file [/home/vargo/IdeaProjects/JavaLabWorks/lab4/build/classes/java/main/service/BeverageSelector.class]: Unsatisfied dependency expressed through constructor parameter 0: Error creating bean with name 'coffeeService' defined in file [/home/vargo/IdeaProjects/JavaLabWorks/lab4/build/classes/java/main/service/CoffeeService.class]: Unsatisfied dependency expressed through constructor parameter 0: Error creating bean with name 'get' defined in config.WebConfig: Failed to instantiate [repository.BeverageRepository]: Factory method 'get' threw exception with message: null
2026-04-13 23:13:13.643 [main] WARN  o.s.w.c.s.AnnotationConfigWebApplicationContext - Exception encountered during context initialization - cancelling refresh attempt: org.springframework.beans.factory.UnsatisfiedDependencyException: Error creating bean with name 'beverageController' defined in file [/home/vargo/IdeaProjects/JavaLabWorks/lab4/build/classes/java/main/controller/BeverageController.class]: Unsatisfied dependency expressed through constructor parameter 0: Error creating bean with name 'beverageSelector' defined in file [/home/vargo/IdeaProjects/JavaLabWorks/lab4/build/classes/java/main/service/BeverageSelector.class]: Unsatisfied dependency expressed through constructor parameter 0: Error creating bean with name 'coffeeService' defined in file [/home/vargo/IdeaProjects/JavaLabWorks/lab4/build/classes/java/main/service/CoffeeService.class]: Unsatisfied dependency expressed through constructor parameter 0: Error creating bean with name 'get' defined in config.WebConfig: Failed to instantiate [repository.BeverageRepository]: Factory method 'get' threw exception with message: null
2026-04-13 23:23:27.047 [main] INFO  r.impl.JSONBeverageRepository - Successfully loaded 4 beverages from JSON file
2026-04-13 23:23:31.680 [http-nio-8080-exec-1] INFO  o.s.web.servlet.DispatcherServlet - Initializing Servlet 'dispatcher'
2026-04-13 23:23:31.682 [http-nio-8080-exec-1] INFO  o.s.web.servlet.DispatcherServlet - Completed initialization in 1 ms
2026-04-13 23:23:31.701 [http-nio-8080-exec-1] INFO  service.CoffeeService - Service: Fetching beverage by ID: 4
2026-04-13 23:23:31.701 [http-nio-8080-exec-1] INFO  service.CoffeeService - Service: Fetching all beverages
2026-04-13 23:23:31.701 [http-nio-8080-exec-1] INFO  r.impl.JSONBeverageRepository - Fetching all beverages from JSON repository
2026-04-13 23:23:31.702 [http-nio-8080-exec-1] INFO  service.CoffeeService - Service: Fetching beverage by ID: 3
2026-04-13 23:23:31.702 [http-nio-8080-exec-1] INFO  service.CoffeeService - Service: Fetching all beverages
2026-04-13 23:23:31.702 [http-nio-8080-exec-1] INFO  r.impl.JSONBeverageRepository - Fetching all beverages from JSON repository
2026-04-13 23:23:31.767 [http-nio-8080-exec-3] INFO  service.CoffeeService - Service: Fetching beverage by ID: 4
2026-04-13 23:23:31.767 [http-nio-8080-exec-3] INFO  service.CoffeeService - Service: Fetching all beverages
2026-04-13 23:23:31.767 [http-nio-8080-exec-3] INFO  r.impl.JSONBeverageRepository - Fetching all beverages from JSON repository
2026-04-13 23:23:31.767 [http-nio-8080-exec-3] INFO  service.CoffeeService - Service: Fetching beverage by ID: 4
2026-04-13 23:23:31.767 [http-nio-8080-exec-3] INFO  service.CoffeeService - Service: Fetching all beverages
2026-04-13 23:23:31.767 [http-nio-8080-exec-3] INFO  r.impl.JSONBeverageRepository - Fetching all beverages from JSON repository
2026-04-13 23:23:31.769 [http-nio-8080-exec-2] WARN  o.s.web.servlet.PageNotFound - No mapping for GET /favicon.ico
2026-04-13 23:23:31.772 [http-nio-8080-exec-2] WARN  o.s.web.servlet.PageNotFound - No endpoint GET /favicon.ico.
2026-04-13 23:23:31.808 [http-nio-8080-exec-6] WARN  o.s.web.servlet.PageNotFound - No mapping for GET /favicon.ico
2026-04-13 23:23:31.809 [http-nio-8080-exec-6] WARN  o.s.web.servlet.PageNotFound - No endpoint GET /favicon.ico.
2026-04-13 23:25:10.744 [http-nio-8080-exec-5] INFO  service.CoffeeService - Service: Fetching beverage by ID: 4
2026-04-13 23:25:10.745 [http-nio-8080-exec-5] INFO  service.CoffeeService - Service: Fetching all beverages
2026-04-13 23:25:10.745 [http-nio-8080-exec-5] INFO  r.impl.JSONBeverageRepository - Fetching all beverages from JSON repository
2026-04-13 23:25:10.745 [http-nio-8080-exec-5] INFO  service.CoffeeService - Service: Fetching beverage by ID: 3
2026-04-13 23:25:10.745 [http-nio-8080-exec-5] INFO  service.CoffeeService - Service: Fetching all beverages
2026-04-13 23:25:10.745 [http-nio-8080-exec-5] INFO  r.impl.JSONBeverageRepository - Fetching all beverages from JSON repository
2026-04-13 23:32:09.407 [main] INFO  r.impl.JSONBeverageRepository - Successfully loaded 4 beverages from JSON file
2026-04-13 23:32:21.553 [http-nio-8080-exec-1] INFO  o.s.web.servlet.DispatcherServlet - Initializing Servlet 'dispatcher'
2026-04-13 23:32:21.555 [http-nio-8080-exec-1] INFO  o.s.web.servlet.DispatcherServlet - Completed initialization in 1 ms
2026-04-13 23:32:21.566 [http-nio-8080-exec-1] WARN  o.s.web.servlet.PageNotFound - No mapping for GET /favicon.ico
2026-04-13 23:32:21.575 [http-nio-8080-exec-1] WARN  o.s.web.servlet.PageNotFound - No endpoint GET /favicon.ico.
2026-04-13 23:32:33.508 [http-nio-8080-exec-5] INFO  service.CoffeeService - Service: Fetching beverage by ID: 4
2026-04-13 23:32:33.508 [http-nio-8080-exec-5] INFO  service.CoffeeService - Service: Fetching all beverages
2026-04-13 23:32:33.508 [http-nio-8080-exec-5] INFO  r.impl.JSONBeverageRepository - Fetching all beverages from JSON repository
